// Jest Snapshot v1, https://goo.gl/fbAQLP

exports[`Buttons are rendered correctly Buttons snapshots match 1`] = `
Array [
  <div
    className="dispaly"
  >
    <input
      className="input"
      onChange={[Function]}
      placeholder="0"
      type="text"
      value="0"
    />
  </div>,
  <div
    className="buttons"
  >
    <div
      className="btn-row"
    >
      <div
        className="btn-col"
      >
        <button
          className="cal-btn"
          onClick={[Function]}
          type="button"
        >
          AC
        </button>
      </div>
      <div
        className="btn-col"
      >
        <button
          className="cal-btn"
          onClick={[Function]}
          type="button"
        >
          +/-
        </button>
      </div>
      <div
        className="btn-col"
      >
        <button
          className="cal-btn"
          onClick={[Function]}
          type="button"
        >
          %
        </button>
      </div>
      <div
        className="btn-col"
      >
        <button
          className="cal-btn"
          onClick={[Function]}
          type="button"
        >
          รท
        </button>
      </div>
    </div>
    <div
      className="btn-row"
    >
      <div
        className="btn-col"
      >
        <button
          className="cal-btn"
          onClick={[Function]}
          type="button"
        >
          7
        </button>
      </div>
      <div
        className="btn-col"
      >
        <button
          className="cal-btn"
          onClick={[Function]}
          type="button"
        >
          8
        </button>
      </div>
      <div
        className="btn-col"
      >
        <button
          className="cal-btn"
          onClick={[Function]}
          type="button"
        >
          9
        </button>
      </div>
      <div
        className="btn-col"
      >
        <button
          className="cal-btn"
          onClick={[Function]}
          type="button"
        >
          *
        </button>
      </div>
    </div>
    <div
      className="btn-row"
    >
      <div
        className="btn-col"
      >
        <button
          className="cal-btn"
          onClick={[Function]}
          type="button"
        >
          4
        </button>
      </div>
      <div
        className="btn-col"
      >
        <button
          className="cal-btn"
          onClick={[Function]}
          type="button"
        >
          5
        </button>
      </div>
      <div
        className="btn-col"
      >
        <button
          className="cal-btn"
          onClick={[Function]}
          type="button"
        >
          6
        </button>
      </div>
      <div
        className="btn-col"
      >
        <button
          className="cal-btn"
          onClick={[Function]}
          type="button"
        >
          -
        </button>
      </div>
    </div>
    <div
      className="btn-row"
    >
      <div
        className="btn-col"
      >
        <button
          className="cal-btn"
          onClick={[Function]}
          type="button"
        >
          1
        </button>
      </div>
      <div
        className="btn-col"
      >
        <button
          className="cal-btn"
          onClick={[Function]}
          type="button"
        >
          2
        </button>
      </div>
      <div
        className="btn-col"
      >
        <button
          className="cal-btn"
          onClick={[Function]}
          type="button"
        >
          3
        </button>
      </div>
      <div
        className="btn-col"
      >
        <button
          className="cal-btn"
          onClick={[Function]}
          type="button"
        >
          +
        </button>
      </div>
    </div>
    <div
      className="btn-row"
    >
      <div
        className="btn-col"
      >
        <button
          className="cal-btn"
          onClick={[Function]}
          type="button"
        >
          0
        </button>
      </div>
      <div
        className="btn-col"
      >
        <button
          className="cal-btn"
          onClick={[Function]}
          type="button"
        >
          .
        </button>
      </div>
      <div
        className="btn-col"
      >
        <button
          className="cal-btn"
          onClick={[Function]}
          type="button"
        >
          =
        </button>
      </div>
    </div>
  </div>,
]
`;
